
> gourmetglatt@0.0.0 build
> tsc -b && vite build

[36mvite v7.3.1 [32mbuilding client environment for production...[36m[39m
transforming...
[32mÔ£ô[39m 9484 modules transformed.
rendering chunks...
computing gzip size...
[2mdist/[22m[32mmanifest.webmanifest                        [39m[1m[2m    0.47 kB[22m[1m[22m
[2mdist/[22m[32mindex.html                                  [39m[1m[2m    0.64 kB[22m[1m[22m[2m Ôöé gzip:   0.37 kB[22m
[2mdist/[22m[35massets/index-Cw8hq_i5.css                   [39m[1m[2m  107.32 kB[22m[1m[22m[2m Ôöé gzip:  16.93 kB[22m
[2mdist/[22m[36massets/workbox-window.prod.es5-BIl4cyR9.js  [39m[1m[2m    5.76 kB[22m[1m[22m[2m Ôöé gzip:   2.37 kB[22m
[2mdist/[22m[36massets/purify.es-Bzr520pe.js                [39m[1m[2m   22.45 kB[22m[1m[22m[2m Ôöé gzip:   8.63 kB[22m
[2mdist/[22m[36massets/index.es-DxUm9F4M.js                 [39m[1m[2m  158.58 kB[22m[1m[22m[2m Ôöé gzip:  52.93 kB[22m
[2mdist/[22m[36massets/html2canvas.esm-DXEQVQnt.js          [39m[1m[2m  201.04 kB[22m[1m[22m[2m Ôöé gzip:  47.43 kB[22m
[2mdist/[22m[36massets/index-C0vOiCB0.js                    [39m[1m[33m2,243.67 kB[39m[22m[2m Ôöé gzip: 645.77 kB[22m
node.exe : [33m
En C:\Program Files\nodejs\npm.ps1: 29 Carácter: 3
+   & $NODE_EXE $NPM_CLI_JS $args
+   ~~~~~~~~~~~~~~~~~~~~~~~~~~~~~
    + CategoryInfo          : NotSpecified: ([33m:String) [], RemoteException
    + FullyQualifiedErrorId : NativeCommandError
 
(!) Some chunks are larger than 500 kB after minification. Consider:
- Using dynamic import() to code-split the application
- Use build.rollupOptions.output.manualChunks to improve chunking: 
https://rollupjs.org/configuration-options/#output-manualchunks
- Adjust chunk size limit for this warning via build.chunkSizeWarningLimit.[39m
[32mÔ£ô built in 9.61s[39m
[31merror during build:
Error: 
  Configure "workbox.maximumFileSizeToCacheInBytes" to change the limit: the default value is 2 MiB.
  Check https://vite-pwa-org.netlify.app/guide/faq.html#missing-assets-from-sw-precache-manifest for more 
information.
  Assets exceeding the limit:
  - assets/index-C0vOiCB0.js is 2.24 MB, and won't be precached.

    at logWorkboxResult (file:///C:/Users/ASUS/Documents/Personal/RG-TECHNOLOGY/PruebaPWA/gourmetglatt/node_module
s/vite-plugin-pwa/dist/chunk-G4TAN34B.js:44:13)
    at generateServiceWorker (file:///C:/Users/ASUS/Documents/Personal/RG-TECHNOLOGY/PruebaPWA/gourmetglatt/node_m
odules/vite-plugin-pwa/dist/index.js:209:3)
    at async _generateSW (file:///C:/Users/ASUS/Documents/Personal/RG-TECHNOLOGY/PruebaPWA/gourmetglatt/node_modul
es/vite-plugin-pwa/dist/index.js:234:5)
    at async Object.handler (file:///C:/Users/ASUS/Documents/Personal/RG-TECHNOLOGY/PruebaPWA/gourmetglatt/node_mo
dules/vite-plugin-pwa/dist/index.js:427:13)
    at async PluginDriver.hookParallel (file:///C:/Users/ASUS/Documents/Personal/RG-TECHNOLOGY/PruebaPWA/gourmetgl
att/node_modules/rollup/dist/es/shared/node-entry.js:22452:17)
    at async Object.close (file:///C:/Users/ASUS/Documents/Personal/RG-TECHNOLOGY/PruebaPWA/gourmetglatt/node_modu
les/rollup/dist/es/shared/node-entry.js:23471:13)
    at async buildEnvironment (file:///C:/Users/ASUS/Documents/Personal/RG-TECHNOLOGY/PruebaPWA/gourmetglatt/node_
modules/vite/dist/node/chunks/config.js:33555:15)
    at async Object.build (file:///C:/Users/ASUS/Documents/Personal/RG-TECHNOLOGY/PruebaPWA/gourmetglatt/node_modu
les/vite/dist/node/chunks/config.js:33900:19)
    at async Object.buildApp (file:///C:/Users/ASUS/Documents/Personal/RG-TECHNOLOGY/PruebaPWA/gourmetglatt/node_m
odules/vite/dist/node/chunks/config.js:33897:153)
    at async CAC.<anonymous> (file:///C:/Users/ASUS/Documents/Personal/RG-TECHNOLOGY/PruebaPWA/gourmetglatt/node_m
odules/vite/dist/node/cli.js:629:3)[39m
